Microchip MPLAB XC8 Compiler V1.42 ()

Linker command line:

--edf=C:\Program Files (x86)\Microchip\xc8\v1.42\dat\en_msgs.txt -cs \
  -h+dist/LPCUSBDK_16F1459/production\gotovo.X.production.sym \
  --cmf=dist/LPCUSBDK_16F1459/production\gotovo.X.production.cmf -z \
  -Q16F1459 -oC:\Users\Grabovac\AppData\Local\Temp\s14c.2 \
  -Mdist/LPCUSBDK_16F1459/production/gotovo.X.production.map -E1 -ver=XC8 \
  -ASTACK=02270h-023efh -pstack=STACK -ACODE=00h-07FFhx4 \
  -ASTRCODE=00h-01FFFh -ASTRING=00h-0FFhx32 -ACONST=00h-0FFhx32 \
  -AENTRY=00h-0FFhx32 -ACOMMON=070h-07Fh -ABANK0=020h-06Fh \
  -ABANK1=0A0h-0EFh -ABANK2=0120h-016Fh -ABANK3=01A0h-01EFh \
  -ABANK4=0220h-026Fh -ABANK5=02A0h-02EFh -ABANK6=0320h-036Fh \
  -ABANK7=03A0h-03EFh -ABANK8=0420h-046Fh -ABANK9=04A0h-04EFh \
  -ABANK10=0520h-056Fh -ABANK11=05A0h-05EFh -ABANK12=0620h-064Fh \
  -ABIGRAM=02000h-023EFh \
  -ARAM=020h-06Fh,0A0h-0EFh,0120h-016Fh,01A0h-01EFh,0220h-026Fh,02A0h-02EFh,0320h-036Fh,03A0h-03EFh,0420h-046Fh,04A0h-04EFh,0520h-056Fh,05A0h-05EFh,0620h-064Fh \
  -AABS1=020h-07Fh,0A0h-0EFh,0120h-016Fh,01A0h-01EFh,0220h-026Fh,02A0h-02EFh,0320h-036Fh,03A0h-03EFh,0420h-046Fh,04A0h-04EFh,0520h-056Fh,05A0h-05EFh,0620h-064Fh \
  -ASFR0=00h-01Fh -ASFR1=080h-09Fh -ASFR2=0100h-011Fh -ASFR3=0180h-019Fh \
  -ASFR4=0200h-021Fh -ASFR5=0280h-029Fh -ASFR6=0300h-031Fh \
  -ASFR7=0380h-039Fh -ASFR8=0400h-041Fh -ASFR9=0480h-049Fh \
  -ASFR10=0500h-051Fh -ASFR11=0580h-059Fh -ASFR12=0600h-061Fh \
  -ASFR13=0680h-06EFh -ASFR14=0700h-076Fh -ASFR15=0780h-07EFh \
  -ASFR16=0800h-086Fh -ASFR17=0880h-08EFh -ASFR18=0900h-096Fh \
  -ASFR19=0980h-09EFh -ASFR20=0A00h-0A6Fh -ASFR21=0A80h-0AEFh \
  -ASFR22=0B00h-0B6Fh -ASFR23=0B80h-0BEFh -ASFR24=0C00h-0C6Fh \
  -ASFR25=0C80h-0CEFh -ASFR26=0D00h-0D6Fh -ASFR27=0D80h-0DEFh \
  -ASFR28=0E00h-0E6Fh -ASFR29=0E80h-0EEFh -ASFR30=0F00h-0F6Fh \
  -ASFR31=0F80h-0FEFh -preset_vec=00h,intentry=04h,init,end_init \
  -ppowerup=CODE -pcinit=CODE -pfunctab=CODE -ACONFIG=08007h-08008h \
  -pconfig=CONFIG -DCONFIG=2 -AIDLOC=08000h-08003h -pidloc=IDLOC -DIDLOC=2 \
  -DCODE=2 -DSTRCODE=2 -DSTRING=2 -DCONST=2 -DENTRY=2 -k \
  C:\Users\Grabovac\AppData\Local\Temp\s14c.obj \
  dist/LPCUSBDK_16F1459/production\gotovo.X.production.obj 

Object code version is 3.11

Machine type is 16F1459



                Name                               Link     Load   Length Selector   Space Scale
C:\Users\Grabovac\AppData\Local\Temp\s14c.obj
                end_init                             12       12        2        8       0
                reset_vec                             0        0        2        0       0
                config                             8007     8007        2    1000E       0
dist/LPCUSBDK_16F1459/production\gotovo.X.production.obj
                cinit                                14       14       34        8       0
                intentry                              4        4        E        8       0
                text39                              D33      D33       68     1A66       0
                text38                              D9B      D9B       6D     1B36       0
                text37                              E08      E08       72     1C10       0
                text36                              623      623       A1        8       0
                text35                              98A      98A       37     1314       0
                text34                              C72      C72       5F     18E4       0
                text33                              A37      A37       42     146E       0
                text32                              8CA      8CA       20     1194       0
                text31                              EF9      EF9       83     1DF2       0
                text30                              954      954       36     12A8       0
                text29                              835      835       15     106A       0
                text28                              9C1      9C1       38     1382       0
                text27                              1E0      1E0      129        8       0
                text26                              E7A      E7A       7F     1CF4       0
                text25                              B0F      B0F       55     161E       0
                text24                              861      861       18     10C2       0
                text23                              756      756       8E        8       0
                swtext1                             800      800       1A     1000       0
                text22                              CD1      CD1       62     19A2       0
                text21                              C16      C16       5C     182C       0
                text20                              6C4      6C4       92        8       0
                text19                              ABC      ABC       53     1578       0
                text18                              B64      B64       57     16C8       0
                text17                              879      879       18     10F2       0
                text16                              92D      92D       27     125A       0
                text15                              8AB      8AB       1F     1156       0
                text14                              8EA      8EA       20     11D4       0
                text13                              576      576       AD        8       0
                text12                              309      309       E7        8       0
                text10                              A79      A79       43     14F2       0
                text9                               90A      90A       23     1214       0
                text8                               F7C      F7C       84     1EF8       0
                text7                               9F9      9F9       3E     13F2       0
                text6                               3F0      3F0       CF        8       0
                text5                               84A      84A       17     1094       0
                text4                               7E4      7E4       1C        8       0
                text3                               4BF      4BF       B7        8       0
                text2                               BBB      BBB       5B     1776       0
                text1                               891      891       1A     1122       0
                maintext                             48       48      198        8       0
                cstackBANK0                          60       60       10       60       1
                cstackCOMMON                         70       70        E       70       1
                cstackBANK1                          E6       E6        6       E0       1
                cstackBANK2                         160      160        F      160       1
                cstackBANK3                         1E9      1E9        4      1A0       1
                clrtext                             82F      82F        6     105E       0
                bssBANK7                            3A0      3A0       40      3A0       1
                bssBANK6                            320      320       40      320       1
                bssBANK5                            2A0      2A0       40      2A0       1
                bssBANK4                            220      220       12      220       1
                bssBANK3                            1A0      1A0       49      1A0       1
                bssBANK2                            16F      16F        1      160       1
                bssBANK1                             E0       E0        6       E0       1
                stringtext7                        10C3     10C3        4     2000       0
                stringtext6                        10AB     10AB       12     2000       0
                stringtext5                        1077     1077       34     2000       0
                stringtext4                        1043     1043       34     2000       0
                stringtext3                        1000     1000       43     2000       0
                stringtext2                        10C7     10C7        2     2000       0
                stringtext1                        10BD     10BD        6     2000       0

TOTAL           Name                               Link     Load   Length     Space
        CLASS   STACK          

        CLASS   CODE           
                end_init                             12       12        2         0
                cinit                                14       14       34         0
                intentry                              4        4        E         0
                reset_vec                             0        0        2         0
                text39                              D33      D33       68         0
                text38                              D9B      D9B       6D         0
                text37                              E08      E08       72         0
                text36                              623      623       A1         0
                text35                              98A      98A       37         0
                text34                              C72      C72       5F         0
                text33                              A37      A37       42         0
                text32                              8CA      8CA       20         0
                text31                              EF9      EF9       83         0
                text30                              954      954       36         0
                text29                              835      835       15         0
                text28                              9C1      9C1       38         0
                text27                              1E0      1E0      129         0
                text26                              E7A      E7A       7F         0
                text25                              B0F      B0F       55         0
                text24                              861      861       18         0
                text23                              756      756       8E         0
                text22                              CD1      CD1       62         0
                text21                              C16      C16       5C         0
                text20                              6C4      6C4       92         0
                text19                              ABC      ABC       53         0
                text18                              B64      B64       57         0
                text17                              879      879       18         0
                text16                              92D      92D       27         0
                text15                              8AB      8AB       1F         0
                text14                              8EA      8EA       20         0
                text13                              576      576       AD         0
                text12                              309      309       E7         0
                text10                              A79      A79       43         0
                text9                               90A      90A       23         0
                text8                               F7C      F7C       84         0
                text7                               9F9      9F9       3E         0
                text6                               3F0      3F0       CF         0
                text5                               84A      84A       17         0
                text4                               7E4      7E4       1C         0
                text3                               4BF      4BF       B7         0
                text2                               BBB      BBB       5B         0
                text1                               891      891       1A         0
                maintext                             48       48      198         0
                clrtext                             82F      82F        6         0

        CLASS   STRCODE        
                stringtext7                        10C3     10C3        4         0
                stringtext6                        10AB     10AB       12         0
                stringtext5                        1077     1077       34         0
                stringtext4                        1043     1043       34         0
                stringtext3                        1000     1000       43         0
                stringtext2                        10C7     10C7        2         0
                stringtext1                        10BD     10BD        6         0

        CLASS   STRING         

        CLASS   CONST          
                swtext1                             800      800       1A         0

        CLASS   ENTRY          

        CLASS   COMMON         
                cstackCOMMON                         70       70        E         1

        CLASS   BANK0          
                cstackBANK0                          60       60       10         1

        CLASS   BANK1          
                cstackBANK1                          E6       E6        6         1
                bssBANK1                             E0       E0        6         1

        CLASS   BANK2          
                cstackBANK2                         160      160        F         1
                bssBANK2                            16F      16F        1         1

        CLASS   BANK3          
                cstackBANK3                         1E9      1E9        4         1
                bssBANK3                            1A0      1A0       49         1

        CLASS   BANK4          
                bssBANK4                            220      220       12         1

        CLASS   BANK5          
                bssBANK5                            2A0      2A0       40         1

        CLASS   BANK6          
                bssBANK6                            320      320       40         1

        CLASS   BANK7          
                bssBANK7                            3A0      3A0       40         1

        CLASS   BANK8          

        CLASS   BANK9          

        CLASS   BANK10         

        CLASS   BANK11         

        CLASS   BANK12         

        CLASS   BIGRAM         

        CLASS   RAM            

        CLASS   ABS1           
                abs_s1                               20       20       40         1
                abs_s1                               7E       7E        2         1
                abs_s1                               A0       A0       40         1
                abs_s1                              120      120       40         1

        CLASS   SFR0           

        CLASS   SFR1           

        CLASS   SFR2           

        CLASS   SFR3           

        CLASS   SFR4           

        CLASS   SFR5           

        CLASS   SFR6           

        CLASS   SFR7           

        CLASS   SFR8           

        CLASS   SFR9           

        CLASS   SFR10          

        CLASS   SFR11          

        CLASS   SFR12          

        CLASS   SFR13          

        CLASS   SFR14          

        CLASS   SFR15          

        CLASS   SFR16          

        CLASS   SFR17          

        CLASS   SFR18          

        CLASS   SFR19          

        CLASS   SFR20          

        CLASS   SFR21          

        CLASS   SFR22          

        CLASS   SFR23          

        CLASS   SFR24          

        CLASS   SFR25          

        CLASS   SFR26          

        CLASS   SFR27          

        CLASS   SFR28          

        CLASS   SFR29          

        CLASS   SFR30          

        CLASS   SFR31          

        CLASS   CONFIG         
                config                             8007     8007        2         0

        CLASS   IDLOC          

        CLASS   BANK31         

        CLASS   BANK30         

        CLASS   BANK29         

        CLASS   BANK28         

        CLASS   BANK27         

        CLASS   BANK26         

        CLASS   BANK25         

        CLASS   BANK24         

        CLASS   BANK23         

        CLASS   BANK22         

        CLASS   BANK21         

        CLASS   BANK20         

        CLASS   BANK19         

        CLASS   BANK18         

        CLASS   BANK17         

        CLASS   BANK16         

        CLASS   BANK15         

        CLASS   BANK14         

        CLASS   BANK13         

        CLASS   EEDATA         



SEGMENTS        Name                           Load    Length   Top    Selector   Space  Class     Delta

                reset_vec                      000000  000002  000002         0       0  CODE        2
                intentry                       000004  0007FC  000800         8       0  CODE        2
                cstackBANK0                    000060  000010  000070        60       1  BANK0       1
                cstackCOMMON                   000070  00000E  00007E        70       1  COMMON      1
                bssBANK1                       0000E0  00000C  0000EC        E0       1  BANK1       1
                cstackBANK2                    000160  000010  000170       160       1  BANK2       1
                bssBANK3                       0001A0  00004D  0001ED       1A0       1  BANK3       1
                bssBANK4                       000220  000012  000232       220       1  BANK4       1
                bssBANK5                       0002A0  000040  0002E0       2A0       1  BANK5       1
                bssBANK6                       000320  000040  000360       320       1  BANK6       1
                bssBANK7                       0003A0  000040  0003E0       3A0       1  BANK7       1
                swtext1                        000800  00001A  00081A      1000       0  CONST       2
                clrtext                        00082F  000006  000835      105E       0  CODE        2
                text29                         000835  000015  00084A      106A       0  CODE        2
                text5                          00084A  000017  000861      1094       0  CODE        2
                text24                         000861  000018  000879      10C2       0  CODE        2
                text17                         000879  000018  000891      10F2       0  CODE        2
                text1                          000891  00001A  0008AB      1122       0  CODE        2
                text15                         0008AB  00001F  0008CA      1156       0  CODE        2
                text32                         0008CA  000020  0008EA      1194       0  CODE        2
                text14                         0008EA  000020  00090A      11D4       0  CODE        2
                text9                          00090A  000023  00092D      1214       0  CODE        2
                text16                         00092D  000027  000954      125A       0  CODE        2
                text30                         000954  000036  00098A      12A8       0  CODE        2
                text35                         00098A  000037  0009C1      1314       0  CODE        2
                text28                         0009C1  000038  0009F9      1382       0  CODE        2
                text7                          0009F9  00003E  000A37      13F2       0  CODE        2
                text33                         000A37  000042  000A79      146E       0  CODE        2
                text10                         000A79  000043  000ABC      14F2       0  CODE        2
                text19                         000ABC  000053  000B0F      1578       0  CODE        2
                text25                         000B0F  000055  000B64      161E       0  CODE        2
                text18                         000B64  000057  000BBB      16C8       0  CODE        2
                text2                          000BBB  00005B  000C16      1776       0  CODE        2
                text21                         000C16  00005C  000C72      182C       0  CODE        2
                text34                         000C72  00005F  000CD1      18E4       0  CODE        2
                text22                         000CD1  000062  000D33      19A2       0  CODE        2
                text39                         000D33  000068  000D9B      1A66       0  CODE        2
                text38                         000D9B  00006D  000E08      1B36       0  CODE        2
                text37                         000E08  000072  000E7A      1C10       0  CODE        2
                text26                         000E7A  00007F  000EF9      1CF4       0  CODE        2
                text31                         000EF9  000083  000F7C      1DF2       0  CODE        2
                text8                          000F7C  000084  001000      1EF8       0  CODE        2
                stringtext3                    001000  0000C9  0010C9      2000       0  STRCODE     2
                config                         008007  000002  008009     1000E       0  CONFIG      2


UNUSED ADDRESS RANGES

        Name                Unused          Largest block    Delta
        BANK1            000EC-000EF               4           1
        BANK10           00520-0056F              50           1
        BANK11           005A0-005EF              50           1
        BANK12           00620-0064F              30           1
        BANK3            001ED-001EF               3           1
        BANK4            00232-0026F              3E           1
        BANK5            002E0-002EF              10           1
        BANK6            00360-0036F              10           1
        BANK7            003E0-003EF              10           1
        BANK8            00420-0046F              50           1
        BANK9            004A0-004EF              50           1
        BIGRAM           02000-023EF             3F0           1
        CODE             00002-00003               2           2
                         0081A-0082E              15
                         010C9-01FFF             737
        CONST            00002-00003               2           2
                         0081A-0082E              15
                         010C9-01FFF             100
        ENTRY            00002-00003               2           2
                         0081A-0082E              15
                         010C9-01FFF             100
        IDLOC            08000-08003               4           2
        RAM              000EC-000EF               4           1
                         001ED-001EF               3
                         00232-0026F              3E
                         002E0-002EF              10
                         00360-0036F              10
                         003E0-003EF              10
                         00420-0046F              50
                         004A0-004EF              50
                         00520-0056F              50
                         005A0-005EF              50
                         00620-0064F              30
        SFR0             00000-0001F              20           1
        SFR1             00080-0009F              20           1
        SFR10            00500-0051F              20           1
        SFR11            00580-0059F              20           1
        SFR12            00600-0061F              20           1
        SFR13            00680-006EF              70           1
        SFR14            00700-0076F              70           1
        SFR15            00780-007EF              70           1
        SFR16            00800-0086F              70           1
        SFR17            00880-008EF              70           1
        SFR18            00900-0096F              70           1
        SFR19            00980-009EF              70           1
        SFR2             00100-0011F              20           1
        SFR20            00A00-00A6F              70           1
        SFR21            00A80-00AEF              70           1
        SFR22            00B00-00B6F              70           1
        SFR23            00B80-00BEF              70           1
        SFR24            00C00-00C6F              70           1
        SFR25            00C80-00CEF              70           1
        SFR26            00D00-00D6F              70           1
        SFR27            00D80-00DEF              70           1
        SFR28            00E00-00E6F              70           1
        SFR29            00E80-00EEF              70           1
        SFR3             00180-0019F              20           1
        SFR30            00F00-00F6F              70           1
        SFR31            00F80-00FEF              70           1
        SFR4             00200-0021F              20           1
        SFR5             00280-0029F              20           1
        SFR6             00300-0031F              20           1
        SFR7             00380-0039F              20           1
        SFR8             00400-0041F              20           1
        SFR9             00480-0049F              20           1
        STACK            02270-023EF             180           1
        STRCODE          00002-00003               2           2
                         0081A-0082E              15
                         010C9-01FFF             F37
        STRING           00002-00003               2           2
                         0081A-0082E              15
                         010C9-01FFF             100

                                  Symbol Table

?_USBTransferOnePacket                    cstackBANK2  00160
?i1_USBTransferOnePacket                  cstackCOMMON 00070
CDCTxService@byte_to_send                 cstackBANK2  0016D
CDCTxService@i                            cstackBANK2  0016C
SYSTEM_Initialize@state                   cstackBANK2  00160
USBConfigureEndpoint@EPNum                cstackBANK2  00165
USBConfigureEndpoint@direction            cstackBANK2  00160
USBConfigureEndpoint@handle               cstackBANK2  00166
USBCtrlTrfInHandler@lastDTS               cstackCOMMON 00075
USBCtrlTrfRxService@byteToRead            cstackCOMMON 00075
USBCtrlTrfRxService@i                     cstackCOMMON 00074
USBCtrlTrfTxService@byteToSend            cstackCOMMON 00072
USBDeviceInit@i                           cstackBANK2  00164
USBDeviceInit@i_821                       cstackBANK2  00163
USBDeviceInit@p                           cstackBANK2  00161
USBDeviceTasks@i                          cstackBANK0  0006F
USBEnableEndpoint@ep                      cstackBANK2  0016C
USBEnableEndpoint@options                 cstackBANK2  00167
USBEnableEndpoint@p                       cstackBANK2  0016A
USBStdFeatureReqHandler@current_ep_data   cstackBANK0  0006A
USBStdFeatureReqHandler@p                 cstackBANK0  0006B
USBStdFeatureReqHandler@pUEP              cstackBANK0  00068
USBStdGetStatusHandler@p                  cstackCOMMON 00071
USBStdSetCfgHandler@i                     cstackBANK0  0006A
USBStdSetCfgHandler@i_1572                cstackBANK0  00069
USBStdSetCfgHandler@p                     cstackBANK0  00067
USBTransferOnePacket@data                 cstackBANK2  00161
USBTransferOnePacket@dir                  cstackBANK2  00160
USBTransferOnePacket@ep                   cstackBANK2  00168
USBTransferOnePacket@handle               cstackBANK2  00169
USBTransferOnePacket@len                  cstackBANK2  00163
USER_USB_CALLBACK_EVENT_HANDLER@event     cstackBANK0  00060
USER_USB_CALLBACK_EVENT_HANDLER@pdata     cstackBANK0  00062
USER_USB_CALLBACK_EVENT_HANDLER@size      cstackBANK0  00064
_ACTCON                                   (abs)        0039B
_ANSC2                                    (abs)        00C72
_ANSC3                                    (abs)        00C73
_BDT                                      (abs)        00020
_BothEP0OutUOWNsSet                       bssBANK3     001D9
_CDCDataInHandle                          bssBANK3     001C6
_CDCDataOutHandle                         bssBANK3     001C8
_CDCInitEP                                text7        009F9
_CDCTxService                             text6        003F0
_CtrlTrfData                              (abs)        00058
_INTCONbits                               (abs)        0000B
_OSCCON                                   (abs)        00099
_PIE1bits                                 (abs)        00091
_PIE2bits                                 (abs)        00092
_PIR1bits                                 (abs)        00011
_PIR2bits                                 (abs)        00012
_RB7                                      (abs)        0006F
_RC2                                      (abs)        00072
_RC3                                      (abs)        00073
_RC4                                      (abs)        00074
_RC5                                      (abs)        00075
_RemoteWakeup                             bssBANK3     001DC
_SSP1BUF                                  (abs)        00211
_SSPBUF                                   (abs)        00211
_SSPCON1bits                              (abs)        00215
_SSPSTATbits                              (abs)        00214
_SYSTEM_Initialize                        text5        0084A
_SYS_InterruptHigh                        intentry     00004
_SetupPkt                                 (abs)        00050
_TRISB4                                   (abs)        0046C
_TRISB6                                   (abs)        0046E
_TRISB7                                   (abs)        0046F
_TRISC2                                   (abs)        00472
_TRISC3                                   (abs)        00473
_TRISC4                                   (abs)        00474
_TRISC5                                   (abs)        00475
_TRISC6                                   (abs)        00476
_TRISC7                                   (abs)        00477
_UADDR                                    (abs)        00E96
_UCFG                                     (abs)        00E91
_UCON                                     (abs)        00E8E
_UCONbits                                 (abs)        00E8E
_UEIE                                     (abs)        00E97
_UEIR                                     (abs)        00E93
_UEP0                                     (abs)        00E98
_UEP0bits                                 (abs)        00E98
_UEP1                                     (abs)        00E99
_UIE                                      (abs)        00E92
_UIEbits                                  (abs)        00E92
_UIR                                      (abs)        00E90
_UIRbits                                  (abs)        00E90
_USB1msTickCount                          bssBANK3     001BC
_USBActiveConfiguration                   bssBANK3     001E8
_USBAlternateInterface                    bssBANK3     001E6
_USBBusIsSuspended                        bssBANK3     001DB
_USBCheckCDCRequest                       text34       00C72
_USBCheckStdRequest                       text22       00CD1
_USBConfigureEndpoint                     text10       00A79
_USBCtrlEPAllowDataStage                  text21       00C16
_USBCtrlEPAllowStatusStage                text37       00E08
_USBCtrlEPService                         text18       00B64
_USBCtrlEPServiceComplete                 text20       006C4
_USBCtrlTrfInHandler                      text38       00D9B
_USBCtrlTrfOutHandler                     text35       0098A
_USBCtrlTrfRxService                      text36       00623
_USBCtrlTrfSetupHandler                   text19       00ABC
_USBCtrlTrfTxService                      text39       00D33
_USBDeferINDataStagePackets               bssBANK3     001D4
_USBDeferOUTDataStagePackets              bssBANK3     001D3
_USBDeferStatusStagePacket                bssBANK3     001D7
_USBDeviceAttach                          text4        007E4
_USBDeviceInit                            text3        004BF
_USBDeviceState                           bssBANK2     0016F
_USBDeviceTasks                           text12       00309
_USBEnableEndpoint                        text9        0090A
_USBIncrement1msInternalTimers            text17       00879
_USBStallHandler                          text16       0092D
_USBStatusStageEnabledFlag1               bssBANK3     001D6
_USBStatusStageEnabledFlag2               bssBANK3     001D5
_USBStatusStageTimeoutCounter             bssBANK3     001D8
_USBStdFeatureReqHandler                  text27       001E0
_USBStdGetDscHandler                      text26       00E7A
_USBStdGetStatusHandler                   text25       00B0F
_USBStdSetCfgHandler                      text23       00756
_USBSuspend                               text15       008AB
_USBTicksSinceSuspendEnd                  bssBANK3     001D2
_USBTransferOnePacket                     text8        00F7C
_USBWakeFromSuspend                       text14       008EA
_USB_CD_Ptr                               stringtext2  010C7
_USB_SD_Ptr                               stringtext1  010BD
_USER_USB_CALLBACK_EVENT_HANDLER          text28       009C1
_USTAT                                    (abs)        00E8F
_USTATcopy                                bssBANK1     000E5
__CFG_BOREN$OFF                           (abs)        00000
__CFG_BORV$LO                             (abs)        00000
__CFG_CLKOUTEN$ON                         (abs)        00000
__CFG_CP$OFF                              (abs)        00000
__CFG_CPUDIV$NOCLKDIV                     (abs)        00000
__CFG_FCMEN$OFF                           (abs)        00000
__CFG_FOSC$INTOSC                         (abs)        00000
__CFG_IESO$OFF                            (abs)        00000
__CFG_LPBOR$OFF                           (abs)        00000
__CFG_LVP$ON                              (abs)        00000
__CFG_MCLRE$ON                            (abs)        00000
__CFG_PLLEN$ENABLED                       (abs)        00000
__CFG_PLLMULT$3x                          (abs)        00000
__CFG_PWRTE$OFF                           (abs)        00000
__CFG_STVREN$ON                           (abs)        00000
__CFG_USBLSCLK$48MHz                      (abs)        00000
__CFG_WDTE$OFF                            (abs)        00000
__CFG_WRT$OFF                             (abs)        00000
__Habs1                                   abs1         00000
__Hbank0                                  bank0        00000
__Hbank1                                  bank1        00000
__Hbank10                                 bank10       00000
__Hbank11                                 bank11       00000
__Hbank12                                 bank12       00000
__Hbank13                                 bank13       00000
__Hbank14                                 bank14       00000
__Hbank15                                 bank15       00000
__Hbank16                                 bank16       00000
__Hbank17                                 bank17       00000
__Hbank18                                 bank18       00000
__Hbank19                                 bank19       00000
__Hbank2                                  bank2        00000
__Hbank20                                 bank20       00000
__Hbank21                                 bank21       00000
__Hbank22                                 bank22       00000
__Hbank23                                 bank23       00000
__Hbank24                                 bank24       00000
__Hbank25                                 bank25       00000
__Hbank26                                 bank26       00000
__Hbank27                                 bank27       00000
__Hbank28                                 bank28       00000
__Hbank29                                 bank29       00000
__Hbank3                                  bank3        00000
__Hbank30                                 bank30       00000
__Hbank31                                 bank31       00000
__Hbank4                                  bank4        00000
__Hbank5                                  bank5        00000
__Hbank6                                  bank6        00000
__Hbank7                                  bank7        00000
__Hbank8                                  bank8        00000
__Hbank9                                  bank9        00000
__Hbigram                                 bigram       00000
__HbssBANK1                               bssBANK1     00000
__HbssBANK2                               bssBANK2     00000
__HbssBANK3                               bssBANK3     00000
__HbssBANK4                               bssBANK4     00000
__HbssBANK5                               bssBANK5     00000
__HbssBANK6                               bssBANK6     00000
__HbssBANK7                               bssBANK7     00000
__Hcinit                                  cinit        00048
__Hclrtext                                clrtext      00000
__Hcode                                   code         00000
__Hcommon                                 common       00000
__Hconfig                                 config       08009
__HcstackBANK0                            cstackBANK0  00000
__HcstackBANK1                            cstackBANK1  00000
__HcstackBANK2                            cstackBANK2  00000
__HcstackBANK3                            cstackBANK3  00000
__HcstackCOMMON                           cstackCOMMON 00000
__Heeprom_data                            eeprom_data  00000
__Hend_init                               end_init     00014
__Hfunctab                                functab      00000
__Hidloc                                  idloc        00000
__Hinit                                   init         00012
__Hintentry                               intentry     00012
__Hmaintext                               maintext     00000
__Hpowerup                                powerup      00000
__Hram                                    ram          00000
__Hreset_vec                              reset_vec    00002
__Hsfr0                                   sfr0         00000
__Hsfr1                                   sfr1         00000
__Hsfr10                                  sfr10        00000
__Hsfr11                                  sfr11        00000
__Hsfr12                                  sfr12        00000
__Hsfr13                                  sfr13        00000
__Hsfr14                                  sfr14        00000
__Hsfr15                                  sfr15        00000
__Hsfr16                                  sfr16        00000
__Hsfr17                                  sfr17        00000
__Hsfr18                                  sfr18        00000
__Hsfr19                                  sfr19        00000
__Hsfr2                                   sfr2         00000
__Hsfr20                                  sfr20        00000
__Hsfr21                                  sfr21        00000
__Hsfr22                                  sfr22        00000
__Hsfr23                                  sfr23        00000
__Hsfr24                                  sfr24        00000
__Hsfr25                                  sfr25        00000
__Hsfr26                                  sfr26        00000
__Hsfr27                                  sfr27        00000
__Hsfr28                                  sfr28        00000
__Hsfr29                                  sfr29        00000
__Hsfr3                                   sfr3         00000
__Hsfr30                                  sfr30        00000
__Hsfr31                                  sfr31        00000
__Hsfr4                                   sfr4         00000
__Hsfr5                                   sfr5         00000
__Hsfr6                                   sfr6         00000
__Hsfr7                                   sfr7         00000
__Hsfr8                                   sfr8         00000
__Hsfr9                                   sfr9         00000
__Hspace_0                                (abs)        08009
__Hspace_1                                (abs)        003E0
__Hspace_2                                (abs)        00000
__Hspace_3                                (abs)        00000
__Hstack                                  stack        00000
__Hstrings                                strings      00000
__Hstringtext1                            stringtext1  00000
__Hstringtext2                            stringtext2  00000
__Hstringtext3                            stringtext3  00000
__Hstringtext4                            stringtext4  00000
__Hstringtext5                            stringtext5  00000
__Hstringtext6                            stringtext6  00000
__Hstringtext7                            stringtext7  00000
__Htext                                   text         00000
__Labs1                                   abs1         00000
__Lbank0                                  bank0        00000
__Lbank1                                  bank1        00000
__Lbank10                                 bank10       00000
__Lbank11                                 bank11       00000
__Lbank12                                 bank12       00000
__Lbank13                                 bank13       00000
__Lbank14                                 bank14       00000
__Lbank15                                 bank15       00000
__Lbank16                                 bank16       00000
__Lbank17                                 bank17       00000
__Lbank18                                 bank18       00000
__Lbank19                                 bank19       00000
__Lbank2                                  bank2        00000
__Lbank20                                 bank20       00000
__Lbank21                                 bank21       00000
__Lbank22                                 bank22       00000
__Lbank23                                 bank23       00000
__Lbank24                                 bank24       00000
__Lbank25                                 bank25       00000
__Lbank26                                 bank26       00000
__Lbank27                                 bank27       00000
__Lbank28                                 bank28       00000
__Lbank29                                 bank29       00000
__Lbank3                                  bank3        00000
__Lbank30                                 bank30       00000
__Lbank31                                 bank31       00000
__Lbank4                                  bank4        00000
__Lbank5                                  bank5        00000
__Lbank6                                  bank6        00000
__Lbank7                                  bank7        00000
__Lbank8                                  bank8        00000
__Lbank9                                  bank9        00000
__Lbigram                                 bigram       00000
__LbssBANK1                               bssBANK1     00000
__LbssBANK2                               bssBANK2     00000
__LbssBANK3                               bssBANK3     00000
__LbssBANK4                               bssBANK4     00000
__LbssBANK5                               bssBANK5     00000
__LbssBANK6                               bssBANK6     00000
__LbssBANK7                               bssBANK7     00000
__Lcinit                                  cinit        00014
__Lclrtext                                clrtext      00000
__Lcode                                   code         00000
__Lcommon                                 common       00000
__Lconfig                                 config       08007
__LcstackBANK0                            cstackBANK0  00000
__LcstackBANK1                            cstackBANK1  00000
__LcstackBANK2                            cstackBANK2  00000
__LcstackBANK3                            cstackBANK3  00000
__LcstackCOMMON                           cstackCOMMON 00000
__Leeprom_data                            eeprom_data  00000
__Lend_init                               end_init     00012
__Lfunctab                                functab      00000
__Lidloc                                  idloc        00000
__Linit                                   init         00012
__Lintentry                               intentry     00004
__Lmaintext                               maintext     00000
__Lpowerup                                powerup      00000
__Lram                                    ram          00000
__Lreset_vec                              reset_vec    00000
__Lsfr0                                   sfr0         00000
__Lsfr1                                   sfr1         00000
__Lsfr10                                  sfr10        00000
__Lsfr11                                  sfr11        00000
__Lsfr12                                  sfr12        00000
__Lsfr13                                  sfr13        00000
__Lsfr14                                  sfr14        00000
__Lsfr15                                  sfr15        00000
__Lsfr16                                  sfr16        00000
__Lsfr17                                  sfr17        00000
__Lsfr18                                  sfr18        00000
__Lsfr19                                  sfr19        00000
__Lsfr2                                   sfr2         00000
__Lsfr20                                  sfr20        00000
__Lsfr21                                  sfr21        00000
__Lsfr22                                  sfr22        00000
__Lsfr23                                  sfr23        00000
__Lsfr24                                  sfr24        00000
__Lsfr25                                  sfr25        00000
__Lsfr26                                  sfr26        00000
__Lsfr27                                  sfr27        00000
__Lsfr28                                  sfr28        00000
__Lsfr29                                  sfr29        00000
__Lsfr3                                   sfr3         00000
__Lsfr30                                  sfr30        00000
__Lsfr31                                  sfr31        00000
__Lsfr4                                   sfr4         00000
__Lsfr5                                   sfr5         00000
__Lsfr6                                   sfr6         00000
__Lsfr7                                   sfr7         00000
__Lsfr8                                   sfr8         00000
__Lsfr9                                   sfr9         00000
__Lspace_0                                (abs)        00000
__Lspace_1                                (abs)        00000
__Lspace_2                                (abs)        00000
__Lspace_3                                (abs)        00000
__Lstack                                  stack        00000
__Lstrings                                strings      00000
__Lstringtext1                            stringtext1  00000
__Lstringtext2                            stringtext2  00000
__Lstringtext3                            stringtext3  00000
__Lstringtext4                            stringtext4  00000
__Lstringtext5                            stringtext5  00000
__Lstringtext6                            stringtext6  00000
__Lstringtext7                            stringtext7  00000
__Ltext                                   text         00000
__S0                                      (abs)        08009
__S1                                      (abs)        003E0
__S2                                      (abs)        00000
___int_sp                                 stack        00000
___latbits                                (abs)        00002
___sp                                     stack        00000
__end_of_CDCInitEP                        text7        00A37
__end_of_CDCTxService                     text6        004BF
__end_of_SYSTEM_Initialize                text5        00861
__end_of_SYS_InterruptHigh                intentry     00012
__end_of_USBCheckCDCRequest               text34       00CD1
__end_of_USBCheckStdRequest               text22       00D33
__end_of_USBConfigureEndpoint             text10       00ABC
__end_of_USBCtrlEPAllowDataStage          text21       00C72
__end_of_USBCtrlEPAllowStatusStage        text37       00E7A
__end_of_USBCtrlEPService                 text18       00BBB
__end_of_USBCtrlEPServiceComplete         text20       00756
__end_of_USBCtrlTrfInHandler              text38       00E08
__end_of_USBCtrlTrfOutHandler             text35       009C1
__end_of_USBCtrlTrfRxService              text36       006C4
__end_of_USBCtrlTrfSetupHandler           text19       00B0F
__end_of_USBCtrlTrfTxService              text39       00D9B
__end_of_USBDeviceAttach                  text4        00800
__end_of_USBDeviceInit                    text3        00576
__end_of_USBDeviceTasks                   text12       003F0
__end_of_USBEnableEndpoint                text9        0092D
__end_of_USBIncrement1msInternalTimers    text17       00891
__end_of_USBStallHandler                  text16       00954
__end_of_USBStdFeatureReqHandler          text27       00309
__end_of_USBStdGetDscHandler              text26       00EF9
__end_of_USBStdGetStatusHandler           text25       00B64
__end_of_USBStdSetCfgHandler              text23       007E4
__end_of_USBSuspend                       text15       008CA
__end_of_USBTransferOnePacket             text8        01000
__end_of_USBWakeFromSuspend               text14       0090A
__end_of_USB_CD_Ptr                       stringtext2  010C9
__end_of_USB_SD_Ptr                       stringtext1  010C3
__end_of_USER_USB_CALLBACK_EVENT_HANDLER  text28       009F9
__end_of__initialization                  cinit        00044
__end_of_configDescriptor1                stringtext3  01043
__end_of_device_dsc                       stringtext6  010BD
__end_of_getsUSBUSART                     text2        00C16
__end_of_main                             maintext     001E0
__end_of_memset                           text24       00879
__end_of_putUSBUSART                      text1        008AB
__end_of_sd000                            stringtext7  010C7
__end_of_sd001                            stringtext5  010AB
__end_of_sd002                            stringtext4  01077
__end_ofi1_CDCInitEP                      text30       0098A
__end_ofi1_SYSTEM_Initialize              text29       0084A
__end_ofi1_USBConfigureEndpoint           text33       00A79
__end_ofi1_USBDeviceInit                  text13       00623
__end_ofi1_USBEnableEndpoint              text32       008EA
__end_ofi1_USBTransferOnePacket           text31       00F7C
__initialization                          cinit        00014
__pbssBANK1                               bssBANK1     000E0
__pbssBANK2                               bssBANK2     0016F
__pbssBANK3                               bssBANK3     001A0
__pbssBANK4                               bssBANK4     00220
__pbssBANK5                               bssBANK5     002A0
__pbssBANK6                               bssBANK6     00320
__pbssBANK7                               bssBANK7     003A0
__pcstackBANK0                            cstackBANK0  00060
__pcstackBANK1                            cstackBANK1  000E6
__pcstackBANK2                            cstackBANK2  00160
__pcstackBANK3                            cstackBANK3  001E9
__pcstackCOMMON                           cstackCOMMON 00070
__pintentry                               intentry     00004
__pmaintext                               maintext     00048
__pstringtext1                            stringtext1  010BD
__pstringtext2                            stringtext2  010C7
__pstringtext3                            stringtext3  01000
__pstringtext4                            stringtext4  01043
__pstringtext5                            stringtext5  01077
__pstringtext6                            stringtext6  010AB
__pstringtext7                            stringtext7  010C3
__pswtext1                                swtext1      00800
__ptext1                                  text1        00891
__ptext10                                 text10       00A79
__ptext12                                 text12       00309
__ptext13                                 text13       00576
__ptext14                                 text14       008EA
__ptext15                                 text15       008AB
__ptext16                                 text16       0092D
__ptext17                                 text17       00879
__ptext18                                 text18       00B64
__ptext19                                 text19       00ABC
__ptext2                                  text2        00BBB
__ptext20                                 text20       006C4
__ptext21                                 text21       00C16
__ptext22                                 text22       00CD1
__ptext23                                 text23       00756
__ptext24                                 text24       00861
__ptext25                                 text25       00B0F
__ptext26                                 text26       00E7A
__ptext27                                 text27       001E0
__ptext28                                 text28       009C1
__ptext29                                 text29       00835
__ptext3                                  text3        004BF
__ptext30                                 text30       00954
__ptext31                                 text31       00EF9
__ptext32                                 text32       008CA
__ptext33                                 text33       00A37
__ptext34                                 text34       00C72
__ptext35                                 text35       0098A
__ptext36                                 text36       00623
__ptext37                                 text37       00E08
__ptext38                                 text38       00D9B
__ptext39                                 text39       00D33
__ptext4                                  text4        007E4
__ptext5                                  text5        0084A
__ptext6                                  text6        003F0
__ptext7                                  text7        009F9
__ptext8                                  text8        00F7C
__ptext9                                  text9        0090A
__size_of_CDCInitEP                       (abs)        00000
__size_of_CDCTxService                    (abs)        00000
__size_of_SYSTEM_Initialize               (abs)        00000
__size_of_SYS_InterruptHigh               (abs)        00000
__size_of_USBCheckCDCRequest              (abs)        00000
__size_of_USBCheckStdRequest              (abs)        00000
__size_of_USBConfigureEndpoint            (abs)        00000
__size_of_USBCtrlEPAllowDataStage         (abs)        00000
__size_of_USBCtrlEPAllowStatusStage       (abs)        00000
__size_of_USBCtrlEPService                (abs)        00000
__size_of_USBCtrlEPServiceComplete        (abs)        00000
__size_of_USBCtrlTrfInHandler             (abs)        00000
__size_of_USBCtrlTrfOutHandler            (abs)        00000
__size_of_USBCtrlTrfRxService             (abs)        00000
__size_of_USBCtrlTrfSetupHandler          (abs)        00000
__size_of_USBCtrlTrfTxService             (abs)        00000
__size_of_USBDeviceAttach                 (abs)        00000
__size_of_USBDeviceInit                   (abs)        00000
__size_of_USBDeviceTasks                  (abs)        00000
__size_of_USBEnableEndpoint               (abs)        00000
__size_of_USBIncrement1msInternalTimers   (abs)        00000
__size_of_USBStallHandler                 (abs)        00000
__size_of_USBStdFeatureReqHandler         (abs)        00000
__size_of_USBStdGetDscHandler             (abs)        00000
__size_of_USBStdGetStatusHandler          (abs)        00000
__size_of_USBStdSetCfgHandler             (abs)        00000
__size_of_USBSuspend                      (abs)        00000
__size_of_USBTransferOnePacket            (abs)        00000
__size_of_USBWakeFromSuspend              (abs)        00000
__size_of_USER_USB_CALLBACK_EVENT_HANDLER (abs)        00000
__size_of_getsUSBUSART                    (abs)        00000
__size_of_main                            (abs)        00000
__size_of_memset                          (abs)        00000
__size_of_putUSBUSART                     (abs)        00000
__size_ofi1_CDCInitEP                     (abs)        00000
__size_ofi1_SYSTEM_Initialize             (abs)        00000
__size_ofi1_USBConfigureEndpoint          (abs)        00000
__size_ofi1_USBDeviceInit                 (abs)        00000
__size_ofi1_USBEnableEndpoint             (abs)        00000
__size_ofi1_USBTransferOnePacket          (abs)        00000
_cdc_data_rx                              (abs)        00120
_cdc_data_tx                              (abs)        000A0
_cdc_mem_type                             bssBANK3     001CF
_cdc_rx_len                               bssBANK3     001D1
_cdc_trf_state                            bssBANK1     000E2
_cdc_tx_len                               bssBANK3     001D0
_configDescriptor1                        stringtext3  01000
_controlTransferState                     bssBANK1     000E3
_control_signal_bitmap                    bssBANK3     001CE
_device_dsc                               stringtext6  010AB
_dummy_encapsulated_cmd_response          bssBANK4     0022A
_endpoint_number                          bssBANK3     001DA
_ep_data_in                               bssBANK3     001C3
_ep_data_out                              bssBANK3     001C0
_getsUSBUSART                             text2        00BBB
_inPipes                                  bssBANK3     001B3
_line_coding                              bssBANK3     001DF
_main                                     maintext     00048
_memset                                   text24       00861
_outPipes                                 bssBANK3     001A0
_pBDTEntryEP0OutCurrent                   bssBANK1     000E4
_pBDTEntryEP0OutNext                      bssBANK1     000E0
_pBDTEntryIn                              bssBANK3     001A7
_pBDTEntryOut                             bssBANK3     001AD
_pCDCDst                                  bssBANK3     001CA
_pCDCSrc                                  bssBANK3     001CC
_pDst                                     bssBANK3     001DD
_putUSBUSART                              text1        00891
_readBuffer                               bssBANK6     00320
_sd000                                    stringtext7  010C3
_sd001                                    stringtext5  01077
_sd002                                    stringtext4  01043
_shortPacketStatus                        bssBANK3     001DE
_stanje                                   bssBANK5     002A0
btemp                                     (abs)        0007E
clear_ram0                                clrtext      0082F
end_of_initialization                     cinit        00044
getsUSBUSART@buffer                       cstackBANK2  0016E
getsUSBUSART@len                          cstackBANK2  0016B
i1SYSTEM_Initialize@state                 cstackCOMMON 00070
i1USBConfigureEndpoint@EPNum              cstackCOMMON 00075
i1USBConfigureEndpoint@direction          cstackCOMMON 00070
i1USBConfigureEndpoint@handle             cstackCOMMON 00076
i1USBDeviceInit@i                         cstackCOMMON 00074
i1USBDeviceInit@i_821                     cstackCOMMON 00073
i1USBDeviceInit@p                         cstackCOMMON 00071
i1USBEnableEndpoint@ep                    cstackCOMMON 0007C
i1USBEnableEndpoint@options               cstackCOMMON 00077
i1USBEnableEndpoint@p                     cstackCOMMON 0007A
i1USBTransferOnePacket@data               cstackCOMMON 00071
i1USBTransferOnePacket@dir                cstackCOMMON 00070
i1USBTransferOnePacket@ep                 cstackCOMMON 00078
i1USBTransferOnePacket@handle             cstackCOMMON 00079
i1USBTransferOnePacket@len                cstackCOMMON 00073
i1_CDCInitEP                              text30       00954
i1_SYSTEM_Initialize                      text29       00835
i1_USBConfigureEndpoint                   text33       00A37
i1_USBDeviceInit                          text13       00576
i1_USBEnableEndpoint                      text32       008CA
i1_USBTransferOnePacket                   text31       00EF9
int$flags                                 (abs)        0007E
intlevel0                                 functab      00000
intlevel1                                 functab      00000
intlevel2                                 functab      00000
intlevel3                                 functab      00000
intlevel4                                 functab      00000
intlevel5                                 functab      00000
main@a                                    cstackBANK3  001EC
main@numBytesRead                         cstackBANK3  001EB
memset@c                                  cstackCOMMON 00072
memset@n                                  cstackCOMMON 00074
memset@p                                  cstackCOMMON 00076
memset@p1                                 cstackCOMMON 00070
putUSBUSART@data                          cstackBANK2  00162
putUSBUSART@length                        cstackBANK2  00160
reset_vec                                 reset_vec    00000
stackhi                                   (abs)        023EF
stacklo                                   (abs)        02270
start                                     init         00012
start_initialization                      cinit        00014
wtemp0                                    (abs)        0007E


FUNCTION INFORMATION:

 *************** function _main *****************
 Defined at:
		line 18 in file "../src/main.c"
 Parameters:    Size  Location     Type
		None
 Auto vars:     Size  Location     Type
  a               1    3[BANK3 ] unsigned char 
  numBytesRead    1    2[BANK3 ] unsigned char 
 Return value:  Size  Location     Type
                  1    wreg      void 
 Registers used:
		wreg, fsr0l, fsr0h, fsr1l, fsr1h, status,2, status,0, pclath, cstack
 Tracked objects:
		On entry : 
		On exit  : 
		Unchanged: 
 Data sizes:     COMMON   BANK0   BANK1   BANK2   BANK3   BANK4   BANK5   BANK6   BANK7   BANK8   BANK9  BANK10  BANK11  BANK12
      Params:         0       0       0       0       0       0       0       0       0       0       0       0       0       0
      Locals:         0       0       0       0       2       0       0       0       0       0       0       0       0       0
      Temps:          0       0       0       0       2       0       0       0       0       0       0       0       0       0
      Totals:         0       0       0       0       4       0       0       0       0       0       0       0       0       0
Total ram usage:        4 bytes
 Hardware stack levels required when called:   13
 This function calls:
		_CDCInitEP
		_CDCTxService
		_SYSTEM_Initialize
		_USBDeviceAttach
		_USBDeviceInit
		_getsUSBUSART
		_putUSBUSART
 This function is called by:
		Startup code after reset
 This function uses a non-reentrant model


 *************** function _putUSBUSART *****************
 Defined at:
		line 556 in file "../lib/usb/src/usb_device_cdc.c"
 Parameters:    Size  Location     Type
  data            1    wreg     PTR unsigned char 
		 -> stanje(64), 
  length          1    0[BANK2 ] unsigned char 
 Auto vars:     Size  Location     Type
  data            1    2[BANK2 ] PTR unsigned char 
		 -> stanje(64), 
 Return value:  Size  Location     Type
                  1    wreg      void 
 Registers used:
		wreg, status,2, status,0
 Tracked objects:
		On entry : 
		On exit  : 
		Unchanged: 
 Data sizes:     COMMON   BANK0   BANK1   BANK2   BANK3   BANK4   BANK5   BANK6   BANK7   BANK8   BANK9  BANK10  BANK11  BANK12
      Params:         0       0       0       1       0       0       0       0       0       0       0       0       0       0
      Locals:         0       0       0       1       0       0       0       0       0       0       0       0       0       0
      Temps:          0       0       0       1       0       0       0       0       0       0       0       0       0       0
      Totals:         0       0       0       3       0       0       0       0       0       0       0       0       0       0
Total ram usage:        3 bytes
 Hardware stack levels used:    1
 Hardware stack levels required when called:   10
 This function calls:
		Nothing
 This function is called by:
		_main
 This function uses a non-reentrant model


 *************** function _getsUSBUSART *****************
 Defined at:
		line 485 in file "../lib/usb/src/usb_device_cdc.c"
 Parameters:    Size  Location     Type
  buffer          1    wreg     PTR unsigned char 
		 -> readBuffer(64), 
  len             1   11[BANK2 ] unsigned char 
 Auto vars:     Size  Location     Type
  buffer          1   14[BANK2 ] PTR unsigned char 
		 -> readBuffer(64), 
 Return value:  Size  Location     Type
                  1    wreg      unsigned char 
 Registers used:
		wreg, fsr1l, fsr1h, status,2, status,0, pclath, cstack
 Tracked objects:
		On entry : 
		On exit  : 
		Unchanged: 
 Data sizes:     COMMON   BANK0   BANK1   BANK2   BANK3   BANK4   BANK5   BANK6   BANK7   BANK8   BANK9  BANK10  BANK11  BANK12
      Params:         0       0       0       1       0       0       0       0       0       0       0       0       0       0
      Locals:         0       0       0       1       0       0       0       0       0       0       0       0       0       0
      Temps:          0       0       0       2       0       0       0       0       0       0       0       0       0       0
      Totals:         0       0       0       4       0       0       0       0       0       0       0       0       0       0
Total ram usage:        4 bytes
 Hardware stack levels used:    1
 Hardware stack levels required when called:   11
 This function calls:
		_USBTransferOnePacket
 This function is called by:
		_main
 This function uses a non-reentrant model


 *************** function _USBDeviceInit *****************
 Defined at:
		line 277 in file "../lib/usb/src/usb_device.c"
 Parameters:    Size  Location     Type
		None
 Auto vars:     Size  Location     Type
  p               2    1[BANK2 ] PTR unsigned char 
		 -> UEP1(1), 
  i               1    3[BANK2 ] unsigned char 
  i               1    4[BANK2 ] unsigned char 
 Return value:  Size  Location     Type
                  1    wreg      void 
 Registers used:
		wreg, fsr1l, fsr1h, status,2, status,0
 Tracked objects:
		On entry : 
		On exit  : 
		Unchanged: 
 Data sizes:     COMMON   BANK0   BANK1   BANK2   BANK3   BANK4   BANK5   BANK6   BANK7   BANK8   BANK9  BANK10  BANK11  BANK12
      Params:         0       0       0       0       0       0       0       0       0       0       0       0       0       0
      Locals:         0       0       0       4       0       0       0       0       0       0       0       0       0       0
      Temps:          0       0       0       1       0       0       0       0       0       0       0       0       0       0
      Totals:         0       0       0       5       0       0       0       0       0       0       0       0       0       0
Total ram usage:        5 bytes
 Hardware stack levels used:    1
 Hardware stack levels required when called:   10
 This function calls:
		Nothing
 This function is called by:
		_main
 This function uses a non-reentrant model


 *************** function _USBDeviceAttach *****************
 Defined at:
		line 1352 in file "../lib/usb/src/usb_device.c"
 Parameters:    Size  Location     Type
		None
 Auto vars:     Size  Location     Type
		None
 Return value:  Size  Location     Type
                  1    wreg      void 
 Registers used:
		wreg, status,2, status,0
 Tracked objects:
		On entry : 
		On exit  : 
		Unchanged: 
 Data sizes:     COMMON   BANK0   BANK1   BANK2   BANK3   BANK4   BANK5   BANK6   BANK7   BANK8   BANK9  BANK10  BANK11  BANK12
      Params:         0       0       0       0       0       0       0       0       0       0       0       0       0       0
      Locals:         0       0       0       0       0       0       0       0       0       0       0       0       0       0
      Temps:          0       0       0       1       0       0       0       0       0       0       0       0       0       0
      Totals:         0       0       0       1       0       0       0       0       0       0       0       0       0       0
Total ram usage:        1 bytes
 Hardware stack levels used:    1
 Hardware stack levels required when called:   10
 This function calls:
		Nothing
 This function is called by:
		_main
 This function uses a non-reentrant model


 *************** function _SYSTEM_Initialize *****************
 Defined at:
		line 82 in file "system.c"
 Parameters:    Size  Location     Type
  state           1    wreg     enum E2617
 Auto vars:     Size  Location     Type
  state           1    0[BANK2 ] enum E2617
 Return value:  Size  Location     Type
                  1    wreg      void 
 Registers used:
		wreg, fsr0l, fsr0h, status,2, status,0
 Tracked objects:
		On entry : 
		On exit  : 
		Unchanged: 
 Data sizes:     COMMON   BANK0   BANK1   BANK2   BANK3   BANK4   BANK5   BANK6   BANK7   BANK8   BANK9  BANK10  BANK11  BANK12
      Params:         0       0       0       0       0       0       0       0       0       0       0       0       0       0
      Locals:         0       0       0       1       0       0       0       0       0       0       0       0       0       0
      Temps:          0       0       0       0       0       0       0       0       0       0       0       0       0       0
      Totals:         0       0       0       1       0       0       0       0       0       0       0       0       0       0
Total ram usage:        1 bytes
 Hardware stack levels used:    1
 Hardware stack levels required when called:   10
 This function calls:
		Nothing
 This function is called by:
		_main
 This function uses a non-reentrant model


 *************** function _CDCTxService *****************
 Defined at:
		line 836 in file "../lib/usb/src/usb_device_cdc.c"
 Parameters:    Size  Location     Type
		None
 Auto vars:     Size  Location     Type
  byte_to_send    1   13[BANK2 ] unsigned char 
  i               1   12[BANK2 ] unsigned char 
 Return value:  Size  Location     Type
                  1    wreg      void 
 Registers used:
		wreg, fsr1l, fsr1h, status,2, status,0, pclath, cstack
 Tracked objects:
		On entry : 
		On exit  : 
		Unchanged: 
 Data sizes:     COMMON   BANK0   BANK1   BANK2   BANK3   BANK4   BANK5   BANK6   BANK7   BANK8   BANK9  BANK10  BANK11  BANK12
      Params:         0       0       0       0       0       0       0       0       0       0       0       0       0       0
      Locals:         0       0       0       2       0       0       0       0       0       0       0       0       0       0
      Temps:          0       0       0       1       0       0       0       0       0       0       0       0       0       0
      Totals:         0       0       0       3       0       0       0       0       0       0       0       0       0       0
Total ram usage:        3 bytes
 Hardware stack levels used:    1
 Hardware stack levels required when called:   11
 This function calls:
		_USBTransferOnePacket
 This function is called by:
		_main
 This function uses a non-reentrant model


 *************** function _CDCInitEP *****************
 Defined at:
		line 294 in file "../lib/usb/src/usb_device_cdc.c"
 Parameters:    Size  Location     Type
		None
 Auto vars:     Size  Location     Type
		None
 Return value:  Size  Location     Type
                  1    wreg      void 
 Registers used:
		wreg, fsr1l, fsr1h, status,2, status,0, pclath, cstack
 Tracked objects:
		On entry : 
		On exit  : 
		Unchanged: 
 Data sizes:     COMMON   BANK0   BANK1   BANK2   BANK3   BANK4   BANK5   BANK6   BANK7   BANK8   BANK9  BANK10  BANK11  BANK12
      Params:         0       0       0       0       0       0       0       0       0       0       0       0       0       0
      Locals:         0       0       0       0       0       0       0       0       0       0       0       0       0       0
      Temps:          0       0       0       1       0       0       0       0       0       0       0       0       0       0
      Totals:         0       0       0       1       0       0       0       0       0       0       0       0       0       0
Total ram usage:        1 bytes
 Hardware stack levels used:    1
 Hardware stack levels required when called:   12
 This function calls:
		_USBEnableEndpoint
		_USBTransferOnePacket
 This function is called by:
		_main
 This function uses a non-reentrant model


 *************** function _USBTransferOnePacket *****************
 Defined at:
		line 995 in file "../lib/usb/src/usb_device.c"
 Parameters:    Size  Location     Type
  ep              1    wreg     unsigned char 
  dir             1    0[BANK2 ] unsigned char 
  data            2    1[BANK2 ] PTR unsigned char 
		 -> cdc_data_tx(64), cdc_data_rx(64), NULL(0), 
  len             1    3[BANK2 ] unsigned char 
 Auto vars:     Size  Location     Type
  ep              1    8[BANK2 ] unsigned char 
  handle          2    9[BANK2 ] PTR volatile struct __BD
		 -> RAM(4096), NULL(0), BDT(48), 
 Return value:  Size  Location     Type
                  2    0[BANK2 ] PTR void 
 Registers used:
		wreg, fsr1l, fsr1h, status,2, status,0
 Tracked objects:
		On entry : 
		On exit  : 
		Unchanged: 
 Data sizes:     COMMON   BANK0   BANK1   BANK2   BANK3   BANK4   BANK5   BANK6   BANK7   BANK8   BANK9  BANK10  BANK11  BANK12
      Params:         0       0       0       4       0       0       0       0       0       0       0       0       0       0
      Locals:         0       0       0       3       0       0       0       0       0       0       0       0       0       0
      Temps:          0       0       0       4       0       0       0       0       0       0       0       0       0       0
      Totals:         0       0       0      11       0       0       0       0       0       0       0       0       0       0
Total ram usage:       11 bytes
 Hardware stack levels used:    1
 Hardware stack levels required when called:   10
 This function calls:
		Nothing
 This function is called by:
		_CDCInitEP
		_getsUSBUSART
		_CDCTxService
		_USBCDCEventHandler
 This function uses a non-reentrant model


 *************** function _USBEnableEndpoint *****************
 Defined at:
		line 878 in file "../lib/usb/src/usb_device.c"
 Parameters:    Size  Location     Type
  ep              1    wreg     unsigned char 
  options         1    7[BANK2 ] unsigned char 
 Auto vars:     Size  Location     Type
  ep              1   12[BANK2 ] unsigned char 
  p               2   10[BANK2 ] PTR unsigned char 
		 -> UEP0(1), 
 Return value:  Size  Location     Type
                  1    wreg      void 
 Registers used:
		wreg, fsr1l, fsr1h, status,2, status,0, pclath, cstack
 Tracked objects:
		On entry : 
		On exit  : 
		Unchanged: 
 Data sizes:     COMMON   BANK0   BANK1   BANK2   BANK3   BANK4   BANK5   BANK6   BANK7   BANK8   BANK9  BANK10  BANK11  BANK12
      Params:         0       0       0       1       0       0       0       0       0       0       0       0       0       0
      Locals:         0       0       0       3       0       0       0       0       0       0       0       0       0       0
      Temps:          0       0       0       2       0       0       0       0       0       0       0       0       0       0
      Totals:         0       0       0       6       0       0       0       0       0       0       0       0       0       0
Total ram usage:        6 bytes
 Hardware stack levels used:    1
 Hardware stack levels required when called:   11
 This function calls:
		_USBConfigureEndpoint
 This function is called by:
		_CDCInitEP
 This function uses a non-reentrant model


 *************** function _USBConfigureEndpoint *****************
 Defined at:
		line 1543 in file "../lib/usb/src/usb_device.c"
 Parameters:    Size  Location     Type
  EPNum           1    wreg     unsigned char 
  direction       1    0[BANK2 ] unsigned char 
 Auto vars:     Size  Location     Type
  EPNum           1    5[BANK2 ] unsigned char 
  handle          1    6[BANK2 ] PTR volatile struct __BD
		 -> BDT(48), 
 Return value:  Size  Location     Type
                  1    wreg      void 
 Registers used:
		wreg, fsr1l, fsr1h, status,2, status,0
 Tracked objects:
		On entry : 
		On exit  : 
		Unchanged: 
 Data sizes:     COMMON   BANK0   BANK1   BANK2   BANK3   BANK4   BANK5   BANK6   BANK7   BANK8   BANK9  BANK10  BANK11  BANK12
      Params:         0       0       0       1       0       0       0       0       0       0       0       0       0       0
      Locals:         0       0       0       2       0       0       0       0       0       0       0       0       0       0
      Temps:          0       0       0       4       0       0       0       0       0       0       0       0       0       0
      Totals:         0       0       0       7       0       0       0       0       0       0       0       0       0       0
Total ram usage:        7 bytes
 Hardware stack levels used:    1
 Hardware stack levels required when called:   10
 This function calls:
		Nothing
 This function is called by:
		_USBEnableEndpoint
 This function uses a non-reentrant model


 *************** function _SYS_InterruptHigh *****************
 Defined at:
		line 107 in file "system.c"
 Parameters:    Size  Location     Type
		None
 Auto vars:     Size  Location     Type
		None
 Return value:  Size  Location     Type
                  1    wreg      void 
 Registers used:
		wreg, fsr0l, fsr0h, fsr1l, fsr1h, status,2, status,0, pclath, cstack
 Tracked objects:
		On entry : 
		On exit  : 
		Unchanged: 
 Data sizes:     COMMON   BANK0   BANK1   BANK2   BANK3   BANK4   BANK5   BANK6   BANK7   BANK8   BANK9  BANK10  BANK11  BANK12
      Params:         0       0       0       0       0       0       0       0       0       0       0       0       0       0
      Locals:         0       0       0       0       0       0       0       0       0       0       0       0       0       0
      Temps:          0       0       1       0       0       0       0       0       0       0       0       0       0       0
      Totals:         0       0       1       0       0       0       0       0       0       0       0       0       0       0
Total ram usage:        1 bytes
 Hardware stack levels used:    1
 Hardware stack levels required when called:    9
 This function calls:
		_USBDeviceTasks
 This function is called by:
		Interrupt level 1
 This function uses a non-reentrant model


 *************** function _USBDeviceTasks *****************
 Defined at:
		line 477 in file "../lib/usb/src/usb_device.c"
 Parameters:    Size  Location     Type
		None
 Auto vars:     Size  Location     Type
  i               1   15[BANK0 ] unsigned char 
 Return value:  Size  Location     Type
                  1    wreg      void 
 Registers used:
[...]
  event           2    0[BANK0 ] enum E2656
  pdata           2    2[BANK0 ] PTR void 
		 -> RAM(4096), USTATcopy(1), USBActiveConfiguration(1), NULL(0), 
		 -> BDT(48), 
  size            2    4[BANK0 ] unsigned int 
 Auto vars:     Size  Location     Type
		None
 Return value:  Size  Location     Type
                  1    wreg      unsigned char 
 Registers used:
		wreg, fsr0l, fsr0h, fsr1l, fsr1h, status,2, status,0, pclath, cstack
 Tracked objects:
		On entry : 
		On exit  : 
		Unchanged: 
 Data sizes:     COMMON   BANK0   BANK1   BANK2   BANK3   BANK4   BANK5   BANK6   BANK7   BANK8   BANK9  BANK10  BANK11  BANK12
      Params:         0       6       0       0       0       0       0       0       0       0       0       0       0       0
      Locals:         0       0       0       0       0       0       0       0       0       0       0       0       0       0
      Temps:          0       0       0       0       0       0       0       0       0       0       0       0       0       0
      Totals:         0       6       0       0       0       0       0       0       0       0       0       0       0       0
Total ram usage:        6 bytes
 Hardware stack levels used:    1
 Hardware stack levels required when called:    3
 This function calls:
		_USBCheckCDCRequest
		i1_CDCInitEP
		i1_SYSTEM_Initialize
 This function is called by:
		_USBDeviceTasks
		_USBStdSetCfgHandler
		_USBSuspend
		_USBWakeFromSuspend
		_USBCtrlTrfSetupHandler
		_USBCheckStdRequest
		_USBStdFeatureReqHandler
 This function uses a non-reentrant model


 *************** function i1_SYSTEM_Initialize *****************
 Defined at:
		line 82 in file "system.c"
 Parameters:    Size  Location     Type
  state           1    wreg     enum E2617
 Auto vars:     Size  Location     Type
  state           1    0[COMMON] enum E2617
 Return value:  Size  Location     Type
                  1    wreg      void 
 Registers used:
		wreg, fsr0l, fsr0h, status,2, status,0
 Tracked objects:
		On entry : 
		On exit  : 
		Unchanged: 
 Data sizes:     COMMON   BANK0   BANK1   BANK2   BANK3   BANK4   BANK5   BANK6   BANK7   BANK8   BANK9  BANK10  BANK11  BANK12
      Params:         0       0       0       0       0       0       0       0       0       0       0       0       0       0
      Locals:         1       0       0       0       0       0       0       0       0       0       0       0       0       0
      Temps:          0       0       0       0       0       0       0       0       0       0       0       0       0       0
      Totals:         1       0       0       0       0       0       0       0       0       0       0       0       0       0
Total ram usage:        1 bytes
 Hardware stack levels used:    1
 This function calls:
		Nothing
 This function is called by:
		_USER_USB_CALLBACK_EVENT_HANDLER
 This function uses a non-reentrant model


 *************** function i1_CDCInitEP *****************
 Defined at:
		line 294 in file "../lib/usb/src/usb_device_cdc.c"
 Parameters:    Size  Location     Type
		None
 Auto vars:     Size  Location     Type
		None
 Return value:  Size  Location     Type
                  1    wreg      void 
 Registers used:
		wreg, fsr1l, fsr1h, status,2, status,0, pclath, cstack
 Tracked objects:
		On entry : 
		On exit  : 
		Unchanged: 
 Data sizes:     COMMON   BANK0   BANK1   BANK2   BANK3   BANK4   BANK5   BANK6   BANK7   BANK8   BANK9  BANK10  BANK11  BANK12
      Params:         0       0       0       0       0       0       0       0       0       0       0       0       0       0
      Locals:         0       0       0       0       0       0       0       0       0       0       0       0       0       0
      Temps:          1       0       0       0       0       0       0       0       0       0       0       0       0       0
      Totals:         1       0       0       0       0       0       0       0       0       0       0       0       0       0
Total ram usage:        1 bytes
 Hardware stack levels used:    1
 Hardware stack levels required when called:    2
 This function calls:
		i1_USBEnableEndpoint
		i1_USBTransferOnePacket
 This function is called by:
		_USER_USB_CALLBACK_EVENT_HANDLER
 This function uses a non-reentrant model


 *************** function i1_USBTransferOnePacket *****************
 Defined at:
		line 995 in file "../lib/usb/src/usb_device.c"
 Parameters:    Size  Location     Type
  ep              1    wreg     unsigned char 
  dir             1    0[COMMON] unsigned char 
  data            2    1[COMMON] PTR unsigned char 
		 -> cdc_data_tx(64), cdc_data_rx(64), NULL(0), 
  len             1    3[COMMON] unsigned char 
 Auto vars:     Size  Location     Type
  ep              1    8[COMMON] unsigned char 
  USBTransferO    2    9[COMMON] PTR volatile struct __BD
		 -> RAM(4096), NULL(0), BDT(48), 
 Return value:  Size  Location     Type
                  2    0[COMMON] PTR void 
 Registers used:
		wreg, fsr1l, fsr1h, status,2, status,0
 Tracked objects:
		On entry : 
		On exit  : 
		Unchanged: 
 Data sizes:     COMMON   BANK0   BANK1   BANK2   BANK3   BANK4   BANK5   BANK6   BANK7   BANK8   BANK9  BANK10  BANK11  BANK12
      Params:         4       0       0       0       0       0       0       0       0       0       0       0       0       0
      Locals:         3       0       0       0       0       0       0       0       0       0       0       0       0       0
      Temps:          4       0       0       0       0       0       0       0       0       0       0       0       0       0
      Totals:        11       0       0       0       0       0       0       0       0       0       0       0       0       0
Total ram usage:       11 bytes
 Hardware stack levels used:    1
 This function calls:
		Nothing
 This function is called by:
		i1_CDCInitEP
 This function uses a non-reentrant model


 *************** function i1_USBEnableEndpoint *****************
 Defined at:
		line 878 in file "../lib/usb/src/usb_device.c"
 Parameters:    Size  Location     Type
  ep              1    wreg     unsigned char 
  options         1    7[COMMON] unsigned char 
 Auto vars:     Size  Location     Type
  ep              1   12[COMMON] unsigned char 
  USBEnableEnd    2   10[COMMON] PTR unsigned char 
		 -> UEP0(1), 
 Return value:  Size  Location     Type
                  1    wreg      void 
 Registers used:
		wreg, fsr1l, fsr1h, status,2, status,0, pclath, cstack
 Tracked objects:
		On entry : 
		On exit  : 
		Unchanged: 
 Data sizes:     COMMON   BANK0   BANK1   BANK2   BANK3   BANK4   BANK5   BANK6   BANK7   BANK8   BANK9  BANK10  BANK11  BANK12
      Params:         1       0       0       0       0       0       0       0       0       0       0       0       0       0
      Locals:         3       0       0       0       0       0       0       0       0       0       0       0       0       0
      Temps:          2       0       0       0       0       0       0       0       0       0       0       0       0       0
      Totals:         6       0       0       0       0       0       0       0       0       0       0       0       0       0
Total ram usage:        6 bytes
 Hardware stack levels used:    1
 Hardware stack levels required when called:    1
 This function calls:
		i1_USBConfigureEndpoint
 This function is called by:
		i1_CDCInitEP
 This function uses a non-reentrant model


 *************** function i1_USBConfigureEndpoint *****************
 Defined at:
		line 1543 in file "../lib/usb/src/usb_device.c"
 Parameters:    Size  Location     Type
  EPNum           1    wreg     unsigned char 
  direction       1    0[COMMON] unsigned char 
 Auto vars:     Size  Location     Type
  EPNum           1    5[COMMON] unsigned char 
  USBConfigure    1    6[COMMON] PTR volatile struct __BD
		 -> BDT(48), 
 Return value:  Size  Location     Type
                  1    wreg      void 
 Registers used:
		wreg, fsr1l, fsr1h, status,2, status,0
 Tracked objects:
		On entry : 
		On exit  : 
		Unchanged: 
 Data sizes:     COMMON   BANK0   BANK1   BANK2   BANK3   BANK4   BANK5   BANK6   BANK7   BANK8   BANK9  BANK10  BANK11  BANK12
      Params:         1       0       0       0       0       0       0       0       0       0       0       0       0       0
      Locals:         2       0       0       0       0       0       0       0       0       0       0       0       0       0
      Temps:          4       0       0       0       0       0       0       0       0       0       0       0       0       0
      Totals:         7       0       0       0       0       0       0       0       0       0       0       0       0       0
Total ram usage:        7 bytes
 Hardware stack levels used:    1
 This function calls:
		Nothing
 This function is called by:
		i1_USBEnableEndpoint
 This function uses a non-reentrant model


 *************** function _USBCheckCDCRequest *****************
 Defined at:
		line 147 in file "../lib/usb/src/usb_device_cdc.c"
 Parameters:    Size  Location     Type
		None
 Auto vars:     Size  Location     Type
		None
 Return value:  Size  Location     Type
                  1    wreg      void 
 Registers used:
		wreg, fsr0l, fsr0h, status,2, status,0
 Tracked objects:
		On entry : 
		On exit  : 
		Unchanged: 
 Data sizes:     COMMON   BANK0   BANK1   BANK2   BANK3   BANK4   BANK5   BANK6   BANK7   BANK8   BANK9  BANK10  BANK11  BANK12
      Params:         0       0       0       0       0       0       0       0       0       0       0       0       0       0
      Locals:         0       0       0       0       0       0       0       0       0       0       0       0       0       0
      Temps:          1       0       0       0       0       0       0       0       0       0       0       0       0       0
      Totals:         1       0       0       0       0       0       0       0       0       0       0       0       0       0
Total ram usage:        1 bytes
 Hardware stack levels used:    1
 This function calls:
		Nothing
 This function is called by:
		_USER_USB_CALLBACK_EVENT_HANDLER
 This function uses a non-reentrant model


 *************** function _USBCtrlTrfOutHandler *****************
 Defined at:
		line 2538 in file "../lib/usb/src/usb_device.c"
 Parameters:    Size  Location     Type
		None
 Auto vars:     Size  Location     Type
		None
 Return value:  Size  Location     Type
                  1    wreg      void 
 Registers used:
		wreg, fsr1l, fsr1h, status,2, status,0, pclath, cstack
 Tracked objects:
		On entry : 
		On exit  : 
		Unchanged: 
 Data sizes:     COMMON   BANK0   BANK1   BANK2   BANK3   BANK4   BANK5   BANK6   BANK7   BANK8   BANK9  BANK10  BANK11  BANK12
      Params:         0       0       0       0       0       0       0       0       0       0       0       0       0       0
      Locals:         0       0       0       0       0       0       0       0       0       0       0       0       0       0
      Temps:          2       0       0       0       0       0       0       0       0       0       0       0       0       0
      Totals:         2       0       0       0       0       0       0       0       0       0       0       0       0       0
Total ram usage:        2 bytes
 Hardware stack levels used:    1
 Hardware stack levels required when called:    2
 This function calls:
		_USBCtrlTrfRxService
 This function is called by:
		_USBCtrlEPService
 This function uses a non-reentrant model


 *************** function _USBCtrlTrfRxService *****************
 Defined at:
		line 1852 in file "../lib/usb/src/usb_device.c"
 Parameters:    Size  Location     Type
		None
 Auto vars:     Size  Location     Type
  byteToRead      1    5[COMMON] unsigned char 
  i               1    4[COMMON] unsigned char 
 Return value:  Size  Location     Type
                  1    wreg      void 
 Registers used:
		wreg, fsr1l, fsr1h, status,2, status,0, pclath, cstack
 Tracked objects:
		On entry : 
		On exit  : 
		Unchanged: 
 Data sizes:     COMMON   BANK0   BANK1   BANK2   BANK3   BANK4   BANK5   BANK6   BANK7   BANK8   BANK9  BANK10  BANK11  BANK12
      Params:         0       0       0       0       0       0       0       0       0       0       0       0       0       0
      Locals:         2       0       0       0       0       0       0       0       0       0       0       0       0       0
      Temps:          2       0       0       0       0       0       0       0       0       0       0       0       0       0
      Totals:         4       0       0       0       0       0       0       0       0       0       0       0       0       0
Total ram usage:        4 bytes
 Hardware stack levels used:    1
 Hardware stack levels required when called:    1
 This function calls:
		_USBCtrlEPAllowStatusStage
 This function is called by:
		_USBCtrlTrfOutHandler
 This function uses a non-reentrant model


 *************** function _USBCtrlEPAllowStatusStage *****************
 Defined at:
		line 1416 in file "../lib/usb/src/usb_device.c"
 Parameters:    Size  Location     Type
		None
 Auto vars:     Size  Location     Type
		None
 Return value:  Size  Location     Type
                  1    wreg      void 
 Registers used:
		wreg, fsr1l, fsr1h, status,2, status,0
 Tracked objects:
		On entry : 
		On exit  : 
		Unchanged: 
 Data sizes:     COMMON   BANK0   BANK1   BANK2   BANK3   BANK4   BANK5   BANK6   BANK7   BANK8   BANK9  BANK10  BANK11  BANK12
      Params:         0       0       0       0       0       0       0       0       0       0       0       0       0       0
      Locals:         0       0       0       0       0       0       0       0       0       0       0       0       0       0
      Temps:          2       0       0       0       0       0       0       0       0       0       0       0       0       0
      Totals:         2       0       0       0       0       0       0       0       0       0       0       0       0       0
Total ram usage:        2 bytes
 Hardware stack levels used:    1
 This function calls:
		Nothing
 This function is called by:
		_USBDeviceTasks
		_USBCtrlEPServiceComplete
		_USBCtrlTrfRxService
 This function uses a non-reentrant model


 *************** function _USBCtrlTrfInHandler *****************
 Defined at:
		line 2592 in file "../lib/usb/src/usb_device.c"
 Parameters:    Size  Location     Type
		None
 Auto vars:     Size  Location     Type
  lastDTS         1    5[COMMON] unsigned char 
 Return value:  Size  Location     Type
                  1    wreg      void 
 Registers used:
		wreg, fsr0l, fsr0h, fsr1l, fsr1h, status,2, status,0, pclath, cstack
 Tracked objects:
		On entry : 
		On exit  : 
		Unchanged: 
 Data sizes:     COMMON   BANK0   BANK1   BANK2   BANK3   BANK4   BANK5   BANK6   BANK7   BANK8   BANK9  BANK10  BANK11  BANK12
      Params:         0       0       0       0       0       0       0       0       0       0       0       0       0       0
      Locals:         1       0       0       0       0       0       0       0       0       0       0       0       0       0
      Temps:          2       0       0       0       0       0       0       0       0       0       0       0       0       0
      Totals:         3       0       0       0       0       0       0       0       0       0       0       0       0       0
Total ram usage:        3 bytes
 Hardware stack levels used:    1
 Hardware stack levels required when called:    1
 This function calls:
		_USBCtrlTrfTxService
 This function is called by:
		_USBCtrlEPService
 This function uses a non-reentrant model


 *************** function _USBCtrlTrfTxService *****************
 Defined at:
		line 1771 in file "../lib/usb/src/usb_device.c"
 Parameters:    Size  Location     Type
		None
 Auto vars:     Size  Location     Type
  byteToSend      1    2[COMMON] unsigned char 
 Return value:  Size  Location     Type
                  1    wreg      void 
 Registers used:
		wreg, fsr0l, fsr0h, fsr1l, fsr1h, status,2, status,0, pclath
 Tracked objects:
		On entry : 
		On exit  : 
		Unchanged: 
 Data sizes:     COMMON   BANK0   BANK1   BANK2   BANK3   BANK4   BANK5   BANK6   BANK7   BANK8   BANK9  BANK10  BANK11  BANK12
      Params:         0       0       0       0       0       0       0       0       0       0       0       0       0       0
      Locals:         1       0       0       0       0       0       0       0       0       0       0       0       0       0
      Temps:          2       0       0       0       0       0       0       0       0       0       0       0       0       0
      Totals:         3       0       0       0       0       0       0       0       0       0       0       0       0       0
Total ram usage:        3 bytes
 Hardware stack levels used:    1
 This function calls:
		Nothing
 This function is called by:
		_USBCtrlEPAllowDataStage
		_USBCtrlTrfInHandler
 This function uses a non-reentrant model



MODULE INFORMATION

Module		Function		Class		Link	Load	Size
../lib/usb/src/usb_device_cdc.c
		_CDCTxService  		CODE           	03F0	0000	208
		_CDCInitEP     		CODE           	09F9	0000	63
		_putUSBUSART   		CODE           	0891	0000	27
		_getsUSBUSART  		CODE           	0BBB	0000	92
		_USBCheckCDCRequest		CODE           	0C72	0000	96

../lib/usb/src/usb_device_cdc.c estimated size: 486

../src/usb_events.c
		_USER_USB_CALLBACK_EVENT_HANDLER		CODE           	09C1	0000	57

../src/usb_events.c estimated size: 57

../lib/usb/src/usb_device.c
		_USBCtrlTrfInHandler		CODE           	0D9B	0000	110
		_USBTransferOnePacket		CODE           	0F7C	0000	133
		_USBDeviceAttach		CODE           	07E4	0000	29
		_USBStdGetDscHandler		CODE           	0E7A	0000	128
		_USBCtrlEPAllowDataStage		CODE           	0C16	0000	93
		_USBStdFeatureReqHandler		CODE           	01E0	0000	298
		_USBCtrlEPAllowStatusStage		CODE           	0E08	0000	115
		_USBCtrlTrfSetupHandler		CODE           	0ABC	0000	84
		_USBCtrlTrfOutHandler		CODE           	098A	0000	56
		_USBCtrlEPServiceComplete		CODE           	06C4	0000	147
		_USBSuspend    		CODE           	08AB	0000	32
		_USBStdSetCfgHandler		CODE           	0756	0000	143
		_USBStdGetStatusHandler		CODE           	0B0F	0000	86
		_USBWakeFromSuspend		CODE           	08EA	0000	33
		_USBCtrlTrfRxService		CODE           	0623	0000	162
		_USBCtrlTrfTxService		CODE           	0D33	0000	105
		_USBEnableEndpoint		CODE           	090A	0000	36
		_USBConfigureEndpoint		CODE           	0A79	0000	68
		_USBDeviceInit 		CODE           	04BF	0000	184
		_USBIncrement1msInternalTimers		CODE           	0879	0000	25
		_USBCtrlEPService		CODE           	0B64	0000	88
		_USBStallHandler		CODE           	092D	0000	40
		_USBDeviceTasks		CODE           	0309	0000	232
		_USBCheckStdRequest		CODE           	0CD1	0000	99

../lib/usb/src/usb_device.c estimated size: 2526

shared
		_configDescriptor1		STRCODE        	1000	0000	68
		_USB_CD_Ptr    		STRCODE        	10C7	0000	3
		_sd001         		STRCODE        	1077	0000	53
		_sd002         		STRCODE        	1043	0000	53
		i1_USBDeviceInit		CODE           	0576	0000	174
		i1_USBConfigureEndpoint		CODE           	0A37	0000	67
		__initialization		CODE           	0014	0000	49
		_device_dsc    		STRCODE        	10AB	0000	19
		i1_CDCInitEP   		CODE           	0954	0000	55
		i1_SYSTEM_Initialize		CODE           	0835	0000	22
		_USB_SD_Ptr    		STRCODE        	10BD	0000	7
		i1_USBEnableEndpoint		CODE           	08CA	0000	33
		_sd000         		STRCODE        	10C3	0000	5
		i1_USBTransferOnePacket		CODE           	0EF9	0000	132

shared estimated size: 740

C:\Program Files (x86)\Microchip\xc8\v1.42\sources\common\memset.c
		_memset        		CODE           	0861	0000	25

C:\Program Files (x86)\Microchip\xc8\v1.42\sources\common\memset.c estimated size: 25

../src/main.c
		_main          		CODE           	0048	0000	409

../src/main.c estimated size: 409

system.c
		_SYS_InterruptHigh		CODE           	0004	0000	15
		_SYSTEM_Initialize		CODE           	084A	0000	24

system.c estimated size: 39

